Archive member included to satisfy reference by file (symbol)

/home/dungnt98/Downloads/embeetle/beetle_tools/linux/gnu_arm_toolchain_9.3.1_9-2020-q2-update_64b/bin/../lib/gcc/arm-none-eabi/9.3.1/thumb/v7e-m+fp/hard/libgcc.a(_aeabi_uldivmod.o)
                              project/source/Drivers/STM32F4xx_HAL_Driver/Src/stm32f4xx_hal_rcc.c.o (__aeabi_uldivmod)
/home/dungnt98/Downloads/embeetle/beetle_tools/linux/gnu_arm_toolchain_9.3.1_9-2020-q2-update_64b/bin/../lib/gcc/arm-none-eabi/9.3.1/thumb/v7e-m+fp/hard/libgcc.a(_udivmoddi4.o)
                              /home/dungnt98/Downloads/embeetle/beetle_tools/linux/gnu_arm_toolchain_9.3.1_9-2020-q2-update_64b/bin/../lib/gcc/arm-none-eabi/9.3.1/thumb/v7e-m+fp/hard/libgcc.a(_aeabi_uldivmod.o) (__udivmoddi4)
/home/dungnt98/Downloads/embeetle/beetle_tools/linux/gnu_arm_toolchain_9.3.1_9-2020-q2-update_64b/bin/../lib/gcc/arm-none-eabi/9.3.1/thumb/v7e-m+fp/hard/libgcc.a(_dvmd_tls.o)
                              /home/dungnt98/Downloads/embeetle/beetle_tools/linux/gnu_arm_toolchain_9.3.1_9-2020-q2-update_64b/bin/../lib/gcc/arm-none-eabi/9.3.1/thumb/v7e-m+fp/hard/libgcc.a(_aeabi_uldivmod.o) (__aeabi_ldiv0)
/home/dungnt98/Downloads/embeetle/beetle_tools/linux/gnu_arm_toolchain_9.3.1_9-2020-q2-update_64b/bin/../lib/gcc/arm-none-eabi/9.3.1/../../../../arm-none-eabi/lib/thumb/v7e-m+fp/hard/libg_nano.a(lib_a-exit.o)
                              /home/dungnt98/Downloads/embeetle/beetle_tools/linux/gnu_arm_toolchain_9.3.1_9-2020-q2-update_64b/bin/../lib/gcc/arm-none-eabi/9.3.1/../../../../arm-none-eabi/lib/thumb/v7e-m+fp/hard/crt0.o (exit)
/home/dungnt98/Downloads/embeetle/beetle_tools/linux/gnu_arm_toolchain_9.3.1_9-2020-q2-update_64b/bin/../lib/gcc/arm-none-eabi/9.3.1/../../../../arm-none-eabi/lib/thumb/v7e-m+fp/hard/libg_nano.a(lib_a-impure.o)
                              /home/dungnt98/Downloads/embeetle/beetle_tools/linux/gnu_arm_toolchain_9.3.1_9-2020-q2-update_64b/bin/../lib/gcc/arm-none-eabi/9.3.1/../../../../arm-none-eabi/lib/thumb/v7e-m+fp/hard/libg_nano.a(lib_a-exit.o) (_global_impure_ptr)
/home/dungnt98/Downloads/embeetle/beetle_tools/linux/gnu_arm_toolchain_9.3.1_9-2020-q2-update_64b/bin/../lib/gcc/arm-none-eabi/9.3.1/../../../../arm-none-eabi/lib/thumb/v7e-m+fp/hard/libg_nano.a(lib_a-init.o)
                              /home/dungnt98/Downloads/embeetle/beetle_tools/linux/gnu_arm_toolchain_9.3.1_9-2020-q2-update_64b/bin/../lib/gcc/arm-none-eabi/9.3.1/../../../../arm-none-eabi/lib/thumb/v7e-m+fp/hard/crt0.o (__libc_init_array)
/home/dungnt98/Downloads/embeetle/beetle_tools/linux/gnu_arm_toolchain_9.3.1_9-2020-q2-update_64b/bin/../lib/gcc/arm-none-eabi/9.3.1/../../../../arm-none-eabi/lib/thumb/v7e-m+fp/hard/libg_nano.a(lib_a-memset.o)
                              /home/dungnt98/Downloads/embeetle/beetle_tools/linux/gnu_arm_toolchain_9.3.1_9-2020-q2-update_64b/bin/../lib/gcc/arm-none-eabi/9.3.1/../../../../arm-none-eabi/lib/thumb/v7e-m+fp/hard/crt0.o (memset)
/home/dungnt98/Downloads/embeetle/beetle_tools/linux/gnu_arm_toolchain_9.3.1_9-2020-q2-update_64b/bin/../lib/gcc/arm-none-eabi/9.3.1/../../../../arm-none-eabi/lib/thumb/v7e-m+fp/hard/libnosys.a(_exit.o)
                              /home/dungnt98/Downloads/embeetle/beetle_tools/linux/gnu_arm_toolchain_9.3.1_9-2020-q2-update_64b/bin/../lib/gcc/arm-none-eabi/9.3.1/../../../../arm-none-eabi/lib/thumb/v7e-m+fp/hard/libg_nano.a(lib_a-exit.o) (_exit)

Allocating common symbols
Common symbol       size              file

hi2c1               0x54              project/source/user_code/main.c.o
uwTick              0x4               project/source/Drivers/STM32F4xx_HAL_Driver/Src/stm32f4xx_hal.c.o
hspi1               0x58              project/source/user_code/main.c.o
hi2s3               0x48              project/source/user_code/main.c.o

Discarded input sections

 .text          0x0000000000000000        0x0 /home/dungnt98/Downloads/embeetle/beetle_tools/linux/gnu_arm_toolchain_9.3.1_9-2020-q2-update_64b/bin/../lib/gcc/arm-none-eabi/9.3.1/thumb/v7e-m+fp/hard/crti.o
 .data          0x0000000000000000        0x0 /home/dungnt98/Downloads/embeetle/beetle_tools/linux/gnu_arm_toolchain_9.3.1_9-2020-q2-update_64b/bin/../lib/gcc/arm-none-eabi/9.3.1/thumb/v7e-m+fp/hard/crti.o
 .bss           0x0000000000000000        0x0 /home/dungnt98/Downloads/embeetle/beetle_tools/linux/gnu_arm_toolchain_9.3.1_9-2020-q2-update_64b/bin/../lib/gcc/arm-none-eabi/9.3.1/thumb/v7e-m+fp/hard/crti.o
 .data          0x0000000000000000        0x4 /home/dungnt98/Downloads/embeetle/beetle_tools/linux/gnu_arm_toolchain_9.3.1_9-2020-q2-update_64b/bin/../lib/gcc/arm-none-eabi/9.3.1/thumb/v7e-m+fp/hard/crtbegin.o
 .text          0x0000000000000000       0x7c /home/dungnt98/Downloads/embeetle/beetle_tools/linux/gnu_arm_toolchain_9.3.1_9-2020-q2-update_64b/bin/../lib/gcc/arm-none-eabi/9.3.1/../../../../arm-none-eabi/lib/thumb/v7e-m+fp/hard/crt0.o
[...]
Memory Configuration

Name             Origin             Length             Attributes
FLASH            0x0000000008000000 0x0000000000100000 xr
RAM              0x0000000020000000 0x0000000000020000 xrw
CCMRAM           0x0000000010000000 0x0000000000010000 rw
*default*        0x0000000000000000 0xffffffffffffffff

Linker script and memory map

LOAD /home/dungnt98/Downloads/embeetle/beetle_tools/linux/gnu_arm_toolchain_9.3.1_9-2020-q2-update_64b/bin/../lib/gcc/arm-none-eabi/9.3.1/thumb/v7e-m+fp/hard/crti.o
LOAD /home/dungnt98/Downloads/embeetle/beetle_tools/linux/gnu_arm_toolchain_9.3.1_9-2020-q2-update_64b/bin/../lib/gcc/arm-none-eabi/9.3.1/thumb/v7e-m+fp/hard/crtbegin.o
LOAD /home/dungnt98/Downloads/embeetle/beetle_tools/linux/gnu_arm_toolchain_9.3.1_9-2020-q2-update_64b/bin/../lib/gcc/arm-none-eabi/9.3.1/../../../../arm-none-eabi/lib/thumb/v7e-m+fp/hard/crt0.o
LOAD project/source/Drivers/STM32F4xx_HAL_Driver/Src/stm32f4xx_hal.c.o
LOAD project/source/Drivers/STM32F4xx_HAL_Driver/Src/stm32f4xx_hal_cortex.c.o
LOAD project/source/Drivers/STM32F4xx_HAL_Driver/Src/stm32f4xx_hal_dma.c.o
LOAD project/source/Drivers/STM32F4xx_HAL_Driver/Src/stm32f4xx_hal_gpio.c.o
LOAD project/source/Drivers/STM32F4xx_HAL_Driver/Src/stm32f4xx_hal_i2c.c.o
LOAD project/source/Drivers/STM32F4xx_HAL_Driver/Src/stm32f4xx_hal_i2s.c.o
LOAD project/source/Drivers/STM32F4xx_HAL_Driver/Src/stm32f4xx_hal_i2s_ex.c.o
LOAD project/source/Drivers/STM32F4xx_HAL_Driver/Src/stm32f4xx_hal_rcc.c.o
LOAD project/source/Drivers/STM32F4xx_HAL_Driver/Src/stm32f4xx_hal_rcc_ex.c.o
LOAD project/source/Drivers/STM32F4xx_HAL_Driver/Src/stm32f4xx_hal_spi.c.o
LOAD project/source/user_code/main.c.o
LOAD project/source/user_code/stm32f4xx_hal_msp.c.o
LOAD project/source/user_code/stm32f4xx_it.c.o
LOAD project/source/user_code/system_stm32f4xx.c.o
LOAD project/source/startup_stm32f407xx.s.o
START GROUP
LOAD /home/dungnt98/stm32f407vet6/template/Drivers/CMSIS/Lib/IAR/iar_cortexM4bf_math.a
LOAD /home/dungnt98/stm32f407vet6/template/Drivers/CMSIS/Lib/IAR/iar_cortexM4lf_math.a
LOAD /home/dungnt98/stm32f407vet6/template/Drivers/CMSIS/Lib/IAR/iar_cortexM4b_math.a
LOAD /home/dungnt98/stm32f407vet6/template/Drivers/CMSIS/Lib/IAR/iar_cortexM4l_math.a
LOAD /home/dungnt98/stm32f407vet6/source/Drivers/CMSIS/Lib/GCC/libarm_cortexM4l_math.a
LOAD /home/dungnt98/stm32f407vet6/source/Drivers/CMSIS/Lib/GCC/libarm_cortexM4lf_math.a
END GROUP
LOAD /home/dungnt98/Downloads/embeetle/beetle_tools/linux/gnu_arm_toolchain_9.3.1_9-2020-q2-update_64b/bin/../lib/gcc/arm-none-eabi/9.3.1/../../../../arm-none-eabi/lib/thumb/v7e-m+fp/hard/libm.a
START GROUP
LOAD /home/dungnt98/Downloads/embeetle/beetle_tools/linux/gnu_arm_toolchain_9.3.1_9-2020-q2-update_64b/bin/../lib/gcc/arm-none-eabi/9.3.1/thumb/v7e-m+fp/hard/libgcc.a
LOAD /home/dungnt98/Downloads/embeetle/beetle_tools/linux/gnu_arm_toolchain_9.3.1_9-2020-q2-update_64b/bin/../lib/gcc/arm-none-eabi/9.3.1/../../../../arm-none-eabi/lib/thumb/v7e-m+fp/hard/libg_nano.a
LOAD /home/dungnt98/Downloads/embeetle/beetle_tools/linux/gnu_arm_toolchain_9.3.1_9-2020-q2-update_64b/bin/../lib/gcc/arm-none-eabi/9.3.1/../../../../arm-none-eabi/lib/thumb/v7e-m+fp/hard/libc_nano.a
END GROUP
START GROUP
LOAD /home/dungnt98/Downloads/embeetle/beetle_tools/linux/gnu_arm_toolchain_9.3.1_9-2020-q2-update_64b/bin/../lib/gcc/arm-none-eabi/9.3.1/thumb/v7e-m+fp/hard/libgcc.a
LOAD /home/dungnt98/Downloads/embeetle/beetle_tools/linux/gnu_arm_toolchain_9.3.1_9-2020-q2-update_64b/bin/../lib/gcc/arm-none-eabi/9.3.1/../../../../arm-none-eabi/lib/thumb/v7e-m+fp/hard/libc_nano.a
LOAD /home/dungnt98/Downloads/embeetle/beetle_tools/linux/gnu_arm_toolchain_9.3.1_9-2020-q2-update_64b/bin/../lib/gcc/arm-none-eabi/9.3.1/../../../../arm-none-eabi/lib/thumb/v7e-m+fp/hard/libnosys.a
END GROUP
START GROUP
LOAD /home/dungnt98/Downloads/embeetle/beetle_tools/linux/gnu_arm_toolchain_9.3.1_9-2020-q2-update_64b/bin/../lib/gcc/arm-none-eabi/9.3.1/thumb/v7e-m+fp/hard/libgcc.a
LOAD /home/dungnt98/Downloads/embeetle/beetle_tools/linux/gnu_arm_toolchain_9.3.1_9-2020-q2-update_64b/bin/../lib/gcc/arm-none-eabi/9.3.1/../../../../arm-none-eabi/lib/thumb/v7e-m+fp/hard/libc_nano.a
LOAD /home/dungnt98/Downloads/embeetle/beetle_tools/linux/gnu_arm_toolchain_9.3.1_9-2020-q2-update_64b/bin/../lib/gcc/arm-none-eabi/9.3.1/../../../../arm-none-eabi/lib/thumb/v7e-m+fp/hard/libnosys.a
END GROUP
LOAD /home/dungnt98/Downloads/embeetle/beetle_tools/linux/gnu_arm_toolchain_9.3.1_9-2020-q2-update_64b/bin/../lib/gcc/arm-none-eabi/9.3.1/thumb/v7e-m+fp/hard/crtend.o
LOAD /home/dungnt98/Downloads/embeetle/beetle_tools/linux/gnu_arm_toolchain_9.3.1_9-2020-q2-update_64b/bin/../lib/gcc/arm-none-eabi/9.3.1/thumb/v7e-m+fp/hard/crtn.o
                0x0000000020020000                _estack = 0x20020000
                0x0000000000000200                _Min_Heap_Size = 0x200
                0x0000000000000400                _Min_Stack_Size = 0x400

.isr_vector     0x0000000008000000      0x188
                0x0000000008000000                . = ALIGN (0x8)
 *(.isr_vector)
 .isr_vector    0x0000000008000000      0x188 project/source/startup_stm32f407xx.s.o
                0x0000000008000000                g_pfnVectors
                0x0000000008000188                . = ALIGN (0x8)

.text           0x0000000008000188     0x1d58
                0x0000000008000188                . = ALIGN (0x8)
 *(.text)
 .text          0x0000000008000188       0x40 /home/dungnt98/Downloads/embeetle/beetle_tools/linux/gnu_arm_toolchain_9.3.1_9-2020-q2-update_64b/bin/../lib/gcc/arm-none-eabi/9.3.1/thumb/v7e-m+fp/hard/crtbegin.o
 .text          0x00000000080001c8       0x30 /home/dungnt98/Downloads/embeetle/beetle_tools/linux/gnu_arm_toolchain_9.3.1_9-2020-q2-update_64b/bin/../lib/gcc/arm-none-eabi/9.3.1/thumb/v7e-m+fp/hard/libgcc.a(_aeabi_uldivmod.o)
                0x00000000080001c8                __aeabi_uldivmod
 .text          0x00000000080001f8      0x2c4 /home/dungnt98/Downloads/embeetle/beetle_tools/linux/gnu_arm_toolchain_9.3.1_9-2020-q2-update_64b/bin/../lib/gcc/arm-none-eabi/9.3.1/thumb/v7e-m+fp/hard/libgcc.a(_udivmoddi4.o)
                0x00000000080001f8                __udivmoddi4
 .text          0x00000000080004bc        0x4 /home/dungnt98/Downloads/embeetle/beetle_tools/linux/gnu_arm_toolchain_9.3.1_9-2020-q2-update_64b/bin/../lib/gcc/arm-none-eabi/9.3.1/thumb/v7e-m+fp/hard/libgcc.a(_dvmd_tls.o)
                0x00000000080004bc                __aeabi_ldiv0
                0x00000000080004bc                __aeabi_idiv0
 *(.text*)
 .text.HAL_InitTick
                0x00000000080004c0       0x4c project/source/Drivers/STM32F4xx_HAL_Driver/Src/stm32f4xx_hal.c.o
                0x00000000080004c0                HAL_InitTick
 .text.HAL_Init
                0x000000000800050c       0x34 project/source/Drivers/STM32F4xx_HAL_Driver/Src/stm32f4xx_hal.c.o
                0x000000000800050c                HAL_Init
 .text.HAL_IncTick
                0x0000000008000540       0x18 project/source/Drivers/STM32F4xx_HAL_Driver/Src/stm32f4xx_hal.c.o
                0x0000000008000540                HAL_IncTick
 .text.HAL_GetTick
                0x0000000008000558        0xc project/source/Drivers/STM32F4xx_HAL_Driver/Src/stm32f4xx_hal.c.o
                0x0000000008000558                HAL_GetTick
 .text.HAL_Delay
                0x0000000008000564       0x28 project/source/Drivers/STM32F4xx_HAL_Driver/Src/stm32f4xx_hal.c.o
                0x0000000008000564                HAL_Delay
 .text.HAL_NVIC_SetPriorityGrouping
                0x000000000800058c       0x24 project/source/Drivers/STM32F4xx_HAL_Driver/Src/stm32f4xx_hal_cortex.c.o
                0x000000000800058c                HAL_NVIC_SetPriorityGrouping
 .text.HAL_NVIC_SetPriority
                0x00000000080005b0       0x68 project/source/Drivers/STM32F4xx_HAL_Driver/Src/stm32f4xx_hal_cortex.c.o
                0x00000000080005b0                HAL_NVIC_SetPriority
 .text.HAL_SYSTICK_Config
                0x0000000008000618       0x2c project/source/Drivers/STM32F4xx_HAL_Driver/Src/stm32f4xx_hal_cortex.c.o
                0x0000000008000618                HAL_SYSTICK_Config
 .text.HAL_GPIO_Init
                0x0000000008000644      0x1d4 project/source/Drivers/STM32F4xx_HAL_Driver/Src/stm32f4xx_hal_gpio.c.o
                0x0000000008000644                HAL_GPIO_Init
 .text.HAL_GPIO_WritePin
                0x0000000008000818        0xc project/source/Drivers/STM32F4xx_HAL_Driver/Src/stm32f4xx_hal_gpio.c.o
                0x0000000008000818                HAL_GPIO_WritePin
 .text.HAL_I2C_Init
                0x0000000008000824      0x1bc project/source/Drivers/STM32F4xx_HAL_Driver/Src/stm32f4xx_hal_i2c.c.o
                0x0000000008000824                HAL_I2C_Init
 .text.HAL_I2S_Init
                0x00000000080009e0      0x198 project/source/Drivers/STM32F4xx_HAL_Driver/Src/stm32f4xx_hal_i2s.c.o
                0x00000000080009e0                HAL_I2S_Init
 .text.HAL_I2S_TxCpltCallback
                0x0000000008000b78        0x2 project/source/Drivers/STM32F4xx_HAL_Driver/Src/stm32f4xx_hal_i2s.c.o
                0x0000000008000b78                HAL_I2S_TxCpltCallback
 .text.I2S_Transmit_IT
                0x0000000008000b7a       0x38 project/source/Drivers/STM32F4xx_HAL_Driver/Src/stm32f4xx_hal_i2s.c.o
 .text.HAL_I2S_RxCpltCallback
                0x0000000008000bb2        0x2 project/source/Drivers/STM32F4xx_HAL_Driver/Src/stm32f4xx_hal_i2s.c.o
                0x0000000008000bb2                HAL_I2S_RxCpltCallback
 .text.I2S_Receive_IT
                0x0000000008000bb4       0x38 project/source/Drivers/STM32F4xx_HAL_Driver/Src/stm32f4xx_hal_i2s.c.o
 .text.HAL_I2S_ErrorCallback
                0x0000000008000bec        0x2 project/source/Drivers/STM32F4xx_HAL_Driver/Src/stm32f4xx_hal_i2s.c.o
                0x0000000008000bec                HAL_I2S_ErrorCallback
 .text.I2S_IRQHandler
                0x0000000008000bee       0xd0 project/source/Drivers/STM32F4xx_HAL_Driver/Src/stm32f4xx_hal_i2s.c.o
 .text.HAL_I2SEx_TxRxCpltCallback
                0x0000000008000cbe        0x2 project/source/Drivers/STM32F4xx_HAL_Driver/Src/stm32f4xx_hal_i2s_ex.c.o
                0x0000000008000cbe                HAL_I2SEx_TxRxCpltCallback
 .text.I2SEx_TxISR_I2S
                0x0000000008000cc0       0x3c project/source/Drivers/STM32F4xx_HAL_Driver/Src/stm32f4xx_hal_i2s_ex.c.o
 .text.I2SEx_RxISR_I2SExt
                0x0000000008000cfc       0x64 project/source/Drivers/STM32F4xx_HAL_Driver/Src/stm32f4xx_hal_i2s_ex.c.o
 .text.I2SEx_TxISR_I2SExt
                0x0000000008000d60       0x64 project/source/Drivers/STM32F4xx_HAL_Driver/Src/stm32f4xx_hal_i2s_ex.c.o
 .text.I2SEx_RxISR_I2S
                0x0000000008000dc4       0x3c project/source/Drivers/STM32F4xx_HAL_Driver/Src/stm32f4xx_hal_i2s_ex.c.o
 .text.HAL_I2SEx_FullDuplex_IRQHandler
                0x0000000008000e00      0x1d8 project/source/Drivers/STM32F4xx_HAL_Driver/Src/stm32f4xx_hal_i2s_ex.c.o
                0x0000000008000e00                HAL_I2SEx_FullDuplex_IRQHandler
 .text.HAL_RCC_OscConfig
                0x0000000008000fd8      0x3f8 project/source/Drivers/STM32F4xx_HAL_Driver/Src/stm32f4xx_hal_rcc.c.o
                0x0000000008000fd8                HAL_RCC_OscConfig
 .text.HAL_RCC_GetSysClockFreq
                0x00000000080013d0       0xcc project/source/Drivers/STM32F4xx_HAL_Driver/Src/stm32f4xx_hal_rcc.c.o
                0x00000000080013d0                HAL_RCC_GetSysClockFreq
 .text.HAL_RCC_ClockConfig
                0x000000000800149c      0x160 project/source/Drivers/STM32F4xx_HAL_Driver/Src/stm32f4xx_hal_rcc.c.o
                0x000000000800149c                HAL_RCC_ClockConfig
 .text.HAL_RCC_GetHCLKFreq
                0x00000000080015fc        0xc project/source/Drivers/STM32F4xx_HAL_Driver/Src/stm32f4xx_hal_rcc.c.o
                0x00000000080015fc                HAL_RCC_GetHCLKFreq
 .text.HAL_RCC_GetPCLK1Freq
                0x0000000008001608       0x20 project/source/Drivers/STM32F4xx_HAL_Driver/Src/stm32f4xx_hal_rcc.c.o
                0x0000000008001608                HAL_RCC_GetPCLK1Freq
 .text.HAL_RCCEx_PeriphCLKConfig
                0x0000000008001628      0x154 project/source/Drivers/STM32F4xx_HAL_Driver/Src/stm32f4xx_hal_rcc_ex.c.o
                0x0000000008001628                HAL_RCCEx_PeriphCLKConfig
 .text.HAL_RCCEx_GetPeriphCLKFreq
                0x000000000800177c       0x74 project/source/Drivers/STM32F4xx_HAL_Driver/Src/stm32f4xx_hal_rcc_ex.c.o
                0x000000000800177c                HAL_RCCEx_GetPeriphCLKFreq
 .text.HAL_SPI_Init
                0x00000000080017f0       0xbe project/source/Drivers/STM32F4xx_HAL_Driver/Src/stm32f4xx_hal_spi.c.o
                0x00000000080017f0                HAL_SPI_Init
 *fill*         0x00000000080018ae        0x2 
 .text.MX_GPIO_Init
                0x00000000080018b0      0x1c0 project/source/user_code/main.c.o
 .text.Error_Handler
                0x0000000008001a70        0x4 project/source/user_code/main.c.o
                0x0000000008001a70                Error_Handler
 .text.MX_I2C1_Init
                0x0000000008001a74       0x38 project/source/user_code/main.c.o
 .text.MX_I2S3_Init
                0x0000000008001aac       0x38 project/source/user_code/main.c.o
 .text.MX_SPI1_Init
                0x0000000008001ae4       0x40 project/source/user_code/main.c.o
 .text.SystemClock_Config
                0x0000000008001b24       0xa4 project/source/user_code/main.c.o
                0x0000000008001b24                SystemClock_Config
 .text.main     0x0000000008001bc8       0x48 project/source/user_code/main.c.o
                0x0000000008001bc8                main
 .text.HAL_MspInit
                0x0000000008001c10       0x40 project/source/user_code/stm32f4xx_hal_msp.c.o
                0x0000000008001c10                HAL_MspInit
 .text.HAL_I2C_MspInit
                0x0000000008001c50       0x70 project/source/user_code/stm32f4xx_hal_msp.c.o
                0x0000000008001c50                HAL_I2C_MspInit
 .text.HAL_I2S_MspInit
                0x0000000008001cc0       0xbc project/source/user_code/stm32f4xx_hal_msp.c.o
                0x0000000008001cc0                HAL_I2S_MspInit
 .text.HAL_SPI_MspInit
                0x0000000008001d7c       0x70 project/source/user_code/stm32f4xx_hal_msp.c.o
                0x0000000008001d7c                HAL_SPI_MspInit
 .text.NMI_Handler
                0x0000000008001dec        0x2 project/source/user_code/stm32f4xx_it.c.o
                0x0000000008001dec                NMI_Handler
 .text.HardFault_Handler
                0x0000000008001dee        0x2 project/source/user_code/stm32f4xx_it.c.o
                0x0000000008001dee                HardFault_Handler
 .text.MemManage_Handler
                0x0000000008001df0        0x2 project/source/user_code/stm32f4xx_it.c.o
                0x0000000008001df0                MemManage_Handler
 .text.BusFault_Handler
                0x0000000008001df2        0x2 project/source/user_code/stm32f4xx_it.c.o
                0x0000000008001df2                BusFault_Handler
 .text.UsageFault_Handler
                0x0000000008001df4        0x2 project/source/user_code/stm32f4xx_it.c.o
                0x0000000008001df4                UsageFault_Handler
 .text.SVC_Handler
                0x0000000008001df6        0x2 project/source/user_code/stm32f4xx_it.c.o
                0x0000000008001df6                SVC_Handler
 .text.DebugMon_Handler
                0x0000000008001df8        0x2 project/source/user_code/stm32f4xx_it.c.o
                0x0000000008001df8                DebugMon_Handler
 .text.PendSV_Handler
                0x0000000008001dfa        0x2 project/source/user_code/stm32f4xx_it.c.o
                0x0000000008001dfa                PendSV_Handler
 .text.SysTick_Handler
                0x0000000008001dfc        0x8 project/source/user_code/stm32f4xx_it.c.o
                0x0000000008001dfc                SysTick_Handler
 .text.SystemInit
                0x0000000008001e04       0x14 project/source/user_code/system_stm32f4xx.c.o
                0x0000000008001e04                SystemInit
 .text.Reset_Handler
                0x0000000008001e18       0x50 project/source/startup_stm32f407xx.s.o
                0x0000000008001e18                Reset_Handler
 .text.Default_Handler
                0x0000000008001e68        0x2 project/source/startup_stm32f407xx.s.o
                0x0000000008001e68                RTC_Alarm_IRQHandler
                0x0000000008001e68                HASH_RNG_IRQHandler
                0x0000000008001e68                EXTI2_IRQHandler
                0x0000000008001e68                TIM8_CC_IRQHandler
                0x0000000008001e68                TIM1_CC_IRQHandler
                0x0000000008001e68                DMA2_Stream5_IRQHandler
                0x0000000008001e68                DMA1_Stream5_IRQHandler
                0x0000000008001e68                PVD_IRQHandler
                0x0000000008001e68                SDIO_IRQHandler
                0x0000000008001e68                TAMP_STAMP_IRQHandler
                0x0000000008001e68                CAN2_RX1_IRQHandler
                0x0000000008001e68                EXTI3_IRQHandler
                0x0000000008001e68                TIM8_TRG_COM_TIM14_IRQHandler
                0x0000000008001e68                TIM1_UP_TIM10_IRQHandler
                0x0000000008001e68                TIM8_UP_TIM13_IRQHandler
                0x0000000008001e68                I2C3_ER_IRQHandler
                0x0000000008001e68                EXTI0_IRQHandler
                0x0000000008001e68                I2C2_EV_IRQHandler
                0x0000000008001e68                DMA1_Stream2_IRQHandler
                0x0000000008001e68                CAN1_RX0_IRQHandler
                0x0000000008001e68                FPU_IRQHandler
                0x0000000008001e68                OTG_HS_WKUP_IRQHandler
                0x0000000008001e68                CAN2_SCE_IRQHandler
                0x0000000008001e68                DMA2_Stream2_IRQHandler
                0x0000000008001e68                SPI1_IRQHandler
                0x0000000008001e68                TIM6_DAC_IRQHandler
                0x0000000008001e68                TIM1_BRK_TIM9_IRQHandler
                0x0000000008001e68                DCMI_IRQHandler
                0x0000000008001e68                CAN2_RX0_IRQHandler
                0x0000000008001e68                DMA2_Stream3_IRQHandler
                0x0000000008001e68                USART6_IRQHandler
                0x0000000008001e68                USART3_IRQHandler
                0x0000000008001e68                CAN1_RX1_IRQHandler
                0x0000000008001e68                UART5_IRQHandler
                0x0000000008001e68                DMA2_Stream0_IRQHandler
                0x0000000008001e68                TIM4_IRQHandler
                0x0000000008001e68                I2C1_EV_IRQHandler
                0x0000000008001e68                DMA1_Stream6_IRQHandler
                0x0000000008001e68                DMA1_Stream1_IRQHandler
                0x0000000008001e68                UART4_IRQHandler
                0x0000000008001e68                TIM3_IRQHandler
                0x0000000008001e68                RCC_IRQHandler
                0x0000000008001e68                TIM8_BRK_TIM12_IRQHandler
                0x0000000008001e68                Default_Handler
                0x0000000008001e68                EXTI15_10_IRQHandler
                0x0000000008001e68                ADC_IRQHandler
                0x0000000008001e68                DMA1_Stream7_IRQHandler
                0x0000000008001e68                TIM7_IRQHandler
                0x0000000008001e68                CAN2_TX_IRQHandler
                0x0000000008001e68                TIM5_IRQHandler
                0x0000000008001e68                DMA2_Stream7_IRQHandler
                0x0000000008001e68                I2C3_EV_IRQHandler
                0x0000000008001e68                EXTI9_5_IRQHandler
                0x0000000008001e68                RTC_WKUP_IRQHandler
                0x0000000008001e68                ETH_WKUP_IRQHandler
                0x0000000008001e68                SPI2_IRQHandler
                0x0000000008001e68                OTG_HS_EP1_IN_IRQHandler
                0x0000000008001e68                DMA1_Stream0_IRQHandler
                0x0000000008001e68                CAN1_TX_IRQHandler
                0x0000000008001e68                EXTI4_IRQHandler
                0x0000000008001e68                FSMC_IRQHandler
                0x0000000008001e68                ETH_IRQHandler
                0x0000000008001e68                OTG_HS_EP1_OUT_IRQHandler
                0x0000000008001e68                WWDG_IRQHandler
                0x0000000008001e68                TIM2_IRQHandler
                0x0000000008001e68                OTG_FS_WKUP_IRQHandler
                0x0000000008001e68                TIM1_TRG_COM_TIM11_IRQHandler
                0x0000000008001e68                OTG_HS_IRQHandler
                0x0000000008001e68                EXTI1_IRQHandler
                0x0000000008001e68                USART2_IRQHandler
                0x0000000008001e68                I2C2_ER_IRQHandler
                0x0000000008001e68                DMA2_Stream1_IRQHandler
                0x0000000008001e68                CAN1_SCE_IRQHandler
                0x0000000008001e68                FLASH_IRQHandler
                0x0000000008001e68                DMA2_Stream4_IRQHandler
                0x0000000008001e68                USART1_IRQHandler
                0x0000000008001e68                OTG_FS_IRQHandler
                0x0000000008001e68                SPI3_IRQHandler
                0x0000000008001e68                DMA1_Stream4_IRQHandler
                0x0000000008001e68                I2C1_ER_IRQHandler
                0x0000000008001e68                DMA2_Stream6_IRQHandler
                0x0000000008001e68                DMA1_Stream3_IRQHandler
 *fill*         0x0000000008001e6a        0x2 
 .text.__libc_init_array
                0x0000000008001e6c       0x48 /home/dungnt98/Downloads/embeetle/beetle_tools/linux/gnu_arm_toolchain_9.3.1_9-2020-q2-update_64b/bin/../lib/gcc/arm-none-eabi/9.3.1/../../../../arm-none-eabi/lib/thumb/v7e-m+fp/hard/libg_nano.a(lib_a-init.o)
                0x0000000008001e6c                __libc_init_array
 .text.memset   0x0000000008001eb4       0x10 /home/dungnt98/Downloads/embeetle/beetle_tools/linux/gnu_arm_toolchain_9.3.1_9-2020-q2-update_64b/bin/../lib/gcc/arm-none-eabi/9.3.1/../../../../arm-none-eabi/lib/thumb/v7e-m+fp/hard/libg_nano.a(lib_a-memset.o)
                0x0000000008001eb4                memset
 *(.glue_7)
 .glue_7        0x0000000008001ec4        0x0 linker stubs
 *(.glue_7t)
 .glue_7t       0x0000000008001ec4        0x0 linker stubs
 *(.eh_frame)
 .eh_frame      0x0000000008001ec4        0x0 /home/dungnt98/Downloads/embeetle/beetle_tools/linux/gnu_arm_toolchain_9.3.1_9-2020-q2-update_64b/bin/../lib/gcc/arm-none-eabi/9.3.1/thumb/v7e-m+fp/hard/crtbegin.o
 *(.init)
 .init          0x0000000008001ec4        0x4 /home/dungnt98/Downloads/embeetle/beetle_tools/linux/gnu_arm_toolchain_9.3.1_9-2020-q2-update_64b/bin/../lib/gcc/arm-none-eabi/9.3.1/thumb/v7e-m+fp/hard/crti.o
                0x0000000008001ec4                _init
 .init          0x0000000008001ec8        0x8 /home/dungnt98/Downloads/embeetle/beetle_tools/linux/gnu_arm_toolchain_9.3.1_9-2020-q2-update_64b/bin/../lib/gcc/arm-none-eabi/9.3.1/thumb/v7e-m+fp/hard/crtn.o
 *(.fini)
 .fini          0x0000000008001ed0        0x4 /home/dungnt98/Downloads/embeetle/beetle_tools/linux/gnu_arm_toolchain_9.3.1_9-2020-q2-update_64b/bin/../lib/gcc/arm-none-eabi/9.3.1/thumb/v7e-m+fp/hard/crti.o
                0x0000000008001ed0                _fini
 .fini          0x0000000008001ed4        0x8 /home/dungnt98/Downloads/embeetle/beetle_tools/linux/gnu_arm_toolchain_9.3.1_9-2020-q2-update_64b/bin/../lib/gcc/arm-none-eabi/9.3.1/thumb/v7e-m+fp/hard/crtn.o
                0x0000000008001ee0                . = ALIGN (0x8)
 *fill*         0x0000000008001edc        0x4 
                0x0000000008001ee0                _etext = .

.vfp11_veneer   0x0000000008001ee0        0x0
 .vfp11_veneer  0x0000000008001ee0        0x0 linker stubs

.v4_bx          0x0000000008001ee0        0x0
 .v4_bx         0x0000000008001ee0        0x0 linker stubs

.iplt           0x0000000008001ee0        0x0
 .iplt          0x0000000008001ee0        0x0 /home/dungnt98/Downloads/embeetle/beetle_tools/linux/gnu_arm_toolchain_9.3.1_9-2020-q2-update_64b/bin/../lib/gcc/arm-none-eabi/9.3.1/thumb/v7e-m+fp/hard/crtbegin.o

.rodata         0x0000000008001ee0       0x18
                0x0000000008001ee0                . = ALIGN (0x8)
 *(.rodata)
 *(.rodata*)
 .rodata.AHBPrescTable
                0x0000000008001ee0       0x10 project/source/user_code/system_stm32f4xx.c.o
                0x0000000008001ee0                AHBPrescTable
 .rodata.APBPrescTable
                0x0000000008001ef0        0x8 project/source/user_code/system_stm32f4xx.c.o
                0x0000000008001ef0                APBPrescTable
                0x0000000008001ef8                . = ALIGN (0x8)

.ARM.extab      0x0000000008001ef8        0x0
                0x0000000008001ef8                . = ALIGN (0x8)
 *(.ARM.extab* .gnu.linkonce.armextab.*)
                0x0000000008001ef8                . = ALIGN (0x8)

.ARM            0x0000000008001ef8        0x8
                0x0000000008001ef8                . = ALIGN (0x8)
                0x0000000008001ef8                __exidx_start = .
 *(.ARM.exidx*)
 .ARM.exidx     0x0000000008001ef8        0x8 /home/dungnt98/Downloads/embeetle/beetle_tools/linux/gnu_arm_toolchain_9.3.1_9-2020-q2-update_64b/bin/../lib/gcc/arm-none-eabi/9.3.1/thumb/v7e-m+fp/hard/libgcc.a(_udivmoddi4.o)
                0x0000000008001f00                __exidx_end = .
                0x0000000008001f00                . = ALIGN (0x8)

.rel.dyn        0x0000000008001f00        0x0
 .rel.iplt      0x0000000008001f00        0x0 /home/dungnt98/Downloads/embeetle/beetle_tools/linux/gnu_arm_toolchain_9.3.1_9-2020-q2-update_64b/bin/../lib/gcc/arm-none-eabi/9.3.1/thumb/v7e-m+fp/hard/crtbegin.o

.preinit_array  0x0000000008001f00        0x0
                0x0000000008001f00                . = ALIGN (0x8)
                0x0000000008001f00                PROVIDE (__preinit_array_start = .)
 *(.preinit_array*)
                0x0000000008001f00                PROVIDE (__preinit_array_end = .)
                0x0000000008001f00                . = ALIGN (0x8)

.init_array     0x0000000008001f00        0x8
                0x0000000008001f00                . = ALIGN (0x8)
                0x0000000008001f00                PROVIDE (__init_array_start = .)
 *(SORT_BY_NAME(.init_array.*))
 *(.init_array*)
 .init_array    0x0000000008001f00        0x4 /home/dungnt98/Downloads/embeetle/beetle_tools/linux/gnu_arm_toolchain_9.3.1_9-2020-q2-update_64b/bin/../lib/gcc/arm-none-eabi/9.3.1/thumb/v7e-m+fp/hard/crtbegin.o
                0x0000000008001f04                PROVIDE (__init_array_end = .)
                0x0000000008001f08                . = ALIGN (0x8)
 *fill*         0x0000000008001f04        0x4 

.fini_array     0x0000000008001f08        0x8
                0x0000000008001f08                . = ALIGN (0x8)
                [!provide]                        PROVIDE (__fini_array_start = .)
 *(SORT_BY_NAME(.fini_array.*))
 *(.fini_array*)
 .fini_array    0x0000000008001f08        0x4 /home/dungnt98/Downloads/embeetle/beetle_tools/linux/gnu_arm_toolchain_9.3.1_9-2020-q2-update_64b/bin/../lib/gcc/arm-none-eabi/9.3.1/thumb/v7e-m+fp/hard/crtbegin.o
                [!provide]                        PROVIDE (__fini_array_end = .)
                0x0000000008001f10                . = ALIGN (0x8)
 *fill*         0x0000000008001f0c        0x4 
                0x0000000008001f10                _sidata = LOADADDR (.data)

.data           0x0000000020000000       0x10 load address 0x0000000008001f10
                0x0000000020000000                . = ALIGN (0x8)
                0x0000000020000000                _sdata = .
 *(.data)
 *(.data*)
 .data.uwTickFreq
                0x0000000020000000        0x1 project/source/Drivers/STM32F4xx_HAL_Driver/Src/stm32f4xx_hal.c.o
                0x0000000020000000                uwTickFreq
 *fill*         0x0000000020000001        0x3 
 .data.uwTickPrio
                0x0000000020000004        0x4 project/source/Drivers/STM32F4xx_HAL_Driver/Src/stm32f4xx_hal.c.o
                0x0000000020000004                uwTickPrio
 .data.SystemCoreClock
                0x0000000020000008        0x4 project/source/user_code/system_stm32f4xx.c.o
                0x0000000020000008                SystemCoreClock
                0x0000000020000010                . = ALIGN (0x8)
 *fill*         0x000000002000000c        0x4 
                0x0000000020000010                _edata = .
                0x0000000008001f20                _siccmram = LOADADDR (.ccmram)

.igot.plt       0x0000000020000010        0x0 load address 0x0000000008001f20
 .igot.plt      0x0000000020000010        0x0 /home/dungnt98/Downloads/embeetle/beetle_tools/linux/gnu_arm_toolchain_9.3.1_9-2020-q2-update_64b/bin/../lib/gcc/arm-none-eabi/9.3.1/thumb/v7e-m+fp/hard/crtbegin.o

.ccmram         0x0000000010000000        0x0 load address 0x0000000008001f20
                0x0000000010000000                . = ALIGN (0x4)
                0x0000000010000000                _sccmram = .
 *(.ccmram)
 *(.ccmram*)
                0x0000000010000000                . = ALIGN (0x4)
                0x0000000010000000                _eccmram = .
                0x0000000010000000                . = ALIGN (0x8)

.bss            0x0000000020000010      0x118
                0x0000000020000010                _sbss = .
                0x0000000020000010                __bss_start__ = _sbss
 *(.bss)
 .bss           0x0000000020000010       0x1c /home/dungnt98/Downloads/embeetle/beetle_tools/linux/gnu_arm_toolchain_9.3.1_9-2020-q2-update_64b/bin/../lib/gcc/arm-none-eabi/9.3.1/thumb/v7e-m+fp/hard/crtbegin.o
 *(.bss*)
 *(COMMON)
 COMMON         0x000000002000002c        0x4 project/source/Drivers/STM32F4xx_HAL_Driver/Src/stm32f4xx_hal.c.o
                0x000000002000002c                uwTick
 COMMON         0x0000000020000030       0xf4 project/source/user_code/main.c.o
                0x0000000020000030                hi2c1
                0x0000000020000084                hspi1
                0x00000000200000dc                hi2s3
                0x0000000020000128                . = ALIGN (0x8)
 *fill*         0x0000000020000124        0x4 
                0x0000000020000128                _ebss = .
                0x0000000020000128                __bss_end__ = _ebss

._user_heap_stack
                0x0000000020000128      0x600
                0x0000000020000128                . = ALIGN (0x8)
                [!provide]                        PROVIDE (end = .)
                [!provide]                        PROVIDE (_end = .)
                0x0000000020000328                . = (. + _Min_Heap_Size)
 *fill*         0x0000000020000128      0x200 
                0x0000000020000728                . = (. + _Min_Stack_Size)
 *fill*         0x0000000020000328      0x400 
                0x0000000020000728                . = ALIGN (0x8)

/DISCARD/
 libc.a(*)
 libm.a(*)
 libgcc.a(*)

.ARM.attributes
                0x0000000000000000       0x30
 *(.ARM.attributes)
 .ARM.attributes
                0x0000000000000000       0x1e /home/dungnt98/Downloads/embeetle/beetle_tools/linux/gnu_arm_toolchain_9.3.1_9-2020-q2-update_64b/bin/../lib/gcc/arm-none-eabi/9.3.1/thumb/v7e-m+fp/hard/crti.o
 .ARM.attributes
                0x000000000000001e       0x34 /home/dungnt98/Downloads/embeetle/beetle_tools/linux/gnu_arm_toolchain_9.3.1_9-2020-q2-update_64b/bin/../lib/gcc/arm-none-eabi/9.3.1/thumb/v7e-m+fp/hard/crtbegin.o
 .ARM.attributes
                0x0000000000000052       0x34 project/source/Drivers/STM32F4xx_HAL_Driver/Src/stm32f4xx_hal.c.o
 .ARM.attributes
                0x0000000000000086       0x34 project/source/Drivers/STM32F4xx_HAL_Driver/Src/stm32f4xx_hal_cortex.c.o
 .ARM.attributes
                0x00000000000000ba       0x34 project/source/Drivers/STM32F4xx_HAL_Driver/Src/stm32f4xx_hal_gpio.c.o
 .ARM.attributes
                0x00000000000000ee       0x34 project/source/Drivers/STM32F4xx_HAL_Driver/Src/stm32f4xx_hal_i2c.c.o
 .ARM.attributes
                0x0000000000000122       0x34 project/source/Drivers/STM32F4xx_HAL_Driver/Src/stm32f4xx_hal_i2s.c.o
 .ARM.attributes
                0x0000000000000156       0x34 project/source/Drivers/STM32F4xx_HAL_Driver/Src/stm32f4xx_hal_i2s_ex.c.o
 .ARM.attributes
                0x000000000000018a       0x34 project/source/Drivers/STM32F4xx_HAL_Driver/Src/stm32f4xx_hal_rcc.c.o
 .ARM.attributes
                0x00000000000001be       0x34 project/source/Drivers/STM32F4xx_HAL_Driver/Src/stm32f4xx_hal_rcc_ex.c.o
 .ARM.attributes
                0x00000000000001f2       0x34 project/source/Drivers/STM32F4xx_HAL_Driver/Src/stm32f4xx_hal_spi.c.o
 .ARM.attributes
                0x0000000000000226       0x34 project/source/user_code/main.c.o
 .ARM.attributes
                0x000000000000025a       0x34 project/source/user_code/stm32f4xx_hal_msp.c.o
 .ARM.attributes
                0x000000000000028e       0x34 project/source/user_code/stm32f4xx_it.c.o
 .ARM.attributes
                0x00000000000002c2       0x34 project/source/user_code/system_stm32f4xx.c.o
 .ARM.attributes
                0x00000000000002f6       0x21 project/source/startup_stm32f407xx.s.o
 .ARM.attributes
                0x0000000000000317       0x1e /home/dungnt98/Downloads/embeetle/beetle_tools/linux/gnu_arm_toolchain_9.3.1_9-2020-q2-update_64b/bin/../lib/gcc/arm-none-eabi/9.3.1/thumb/v7e-m+fp/hard/libgcc.a(_aeabi_uldivmod.o)
 .ARM.attributes
                0x0000000000000335       0x34 /home/dungnt98/Downloads/embeetle/beetle_tools/linux/gnu_arm_toolchain_9.3.1_9-2020-q2-update_64b/bin/../lib/gcc/arm-none-eabi/9.3.1/thumb/v7e-m+fp/hard/libgcc.a(_udivmoddi4.o)
 .ARM.attributes
                0x0000000000000369       0x1e /home/dungnt98/Downloads/embeetle/beetle_tools/linux/gnu_arm_toolchain_9.3.1_9-2020-q2-update_64b/bin/../lib/gcc/arm-none-eabi/9.3.1/thumb/v7e-m+fp/hard/libgcc.a(_dvmd_tls.o)
 .ARM.attributes
                0x0000000000000387       0x34 /home/dungnt98/Downloads/embeetle/beetle_tools/linux/gnu_arm_toolchain_9.3.1_9-2020-q2-update_64b/bin/../lib/gcc/arm-none-eabi/9.3.1/../../../../arm-none-eabi/lib/thumb/v7e-m+fp/hard/libg_nano.a(lib_a-init.o)
 .ARM.attributes
                0x00000000000003bb       0x34 /home/dungnt98/Downloads/embeetle/beetle_tools/linux/gnu_arm_toolchain_9.3.1_9-2020-q2-update_64b/bin/../lib/gcc/arm-none-eabi/9.3.1/../../../../arm-none-eabi/lib/thumb/v7e-m+fp/hard/libg_nano.a(lib_a-memset.o)
 .ARM.attributes
                0x00000000000003ef       0x1e /home/dungnt98/Downloads/embeetle/beetle_tools/linux/gnu_arm_toolchain_9.3.1_9-2020-q2-update_64b/bin/../lib/gcc/arm-none-eabi/9.3.1/thumb/v7e-m+fp/hard/crtn.o
OUTPUT(application.elf elf32-littlearm)
LOAD linker stubs
LOAD /home/dungnt98/Downloads/embeetle/beetle_tools/linux/gnu_arm_toolchain_9.3.1_9-2020-q2-update_64b/bin/../lib/gcc/arm-none-eabi/9.3.1/../../../../arm-none-eabi/lib/thumb/v7e-m+fp/hard/libc.a
LOAD /home/dungnt98/Downloads/embeetle/beetle_tools/linux/gnu_arm_toolchain_9.3.1_9-2020-q2-update_64b/bin/../lib/gcc/arm-none-eabi/9.3.1/../../../../arm-none-eabi/lib/thumb/v7e-m+fp/hard/libm.a
LOAD /home/dungnt98/Downloads/embeetle/beetle_tools/linux/gnu_arm_toolchain_9.3.1_9-2020-q2-update_64b/bin/../lib/gcc/arm-none-eabi/9.3.1/thumb/v7e-m+fp/hard/libgcc.a

.debug_info     0x0000000000000000     0xe178
 .debug_info    0x0000000000000000      0xa7d project/source/Drivers/STM32F4xx_HAL_Driver/Src/stm32f4xx_hal.c.o
 .debug_info    0x0000000000000a7d     0x1158 project/source/Drivers/STM32F4xx_HAL_Driver/Src/stm32f4xx_hal_cortex.c.o
 .debug_info    0x0000000000001bd5      0x888 project/source/Drivers/STM32F4xx_HAL_Driver/Src/stm32f4xx_hal_gpio.c.o
 .debug_info    0x000000000000245d     0x3a10 project/source/Drivers/STM32F4xx_HAL_Driver/Src/stm32f4xx_hal_i2c.c.o
 .debug_info    0x0000000000005e6d     0x129d project/source/Drivers/STM32F4xx_HAL_Driver/Src/stm32f4xx_hal_i2s.c.o
 .debug_info    0x000000000000710a      0xf11 project/source/Drivers/STM32F4xx_HAL_Driver/Src/stm32f4xx_hal_i2s_ex.c.o
 .debug_info    0x000000000000801b      0xb61 project/source/Drivers/STM32F4xx_HAL_Driver/Src/stm32f4xx_hal_rcc.c.o
 .debug_info    0x0000000000008b7c      0x744 project/source/Drivers/STM32F4xx_HAL_Driver/Src/stm32f4xx_hal_rcc_ex.c.o
 .debug_info    0x00000000000092c0     0x1f61 project/source/Drivers/STM32F4xx_HAL_Driver/Src/stm32f4xx_hal_spi.c.o
 .debug_info    0x000000000000b221     0x1504 project/source/user_code/main.c.o
 .debug_info    0x000000000000c725     0x1238 project/source/user_code/stm32f4xx_hal_msp.c.o
 .debug_info    0x000000000000d95d      0x23c project/source/user_code/stm32f4xx_it.c.o
 .debug_info    0x000000000000db99      0x5bd project/source/user_code/system_stm32f4xx.c.o
 .debug_info    0x000000000000e156       0x22 project/source/startup_stm32f407xx.s.o

.debug_abbrev   0x0000000000000000     0x1d8b
 .debug_abbrev  0x0000000000000000      0x21c project/source/Drivers/STM32F4xx_HAL_Driver/Src/stm32f4xx_hal.c.o
 .debug_abbrev  0x000000000000021c      0x393 project/source/Drivers/STM32F4xx_HAL_Driver/Src/stm32f4xx_hal_cortex.c.o
 .debug_abbrev  0x00000000000005af      0x21f project/source/Drivers/STM32F4xx_HAL_Driver/Src/stm32f4xx_hal_gpio.c.o
 .debug_abbrev  0x00000000000007ce      0x2ae project/source/Drivers/STM32F4xx_HAL_Driver/Src/stm32f4xx_hal_i2c.c.o
 .debug_abbrev  0x0000000000000a7c      0x278 project/source/Drivers/STM32F4xx_HAL_Driver/Src/stm32f4xx_hal_i2s.c.o
 .debug_abbrev  0x0000000000000cf4      0x2c4 project/source/Drivers/STM32F4xx_HAL_Driver/Src/stm32f4xx_hal_i2s_ex.c.o
 .debug_abbrev  0x0000000000000fb8      0x2b1 project/source/Drivers/STM32F4xx_HAL_Driver/Src/stm32f4xx_hal_rcc.c.o
 .debug_abbrev  0x0000000000001269      0x19d project/source/Drivers/STM32F4xx_HAL_Driver/Src/stm32f4xx_hal_rcc_ex.c.o
 .debug_abbrev  0x0000000000001406      0x27d project/source/Drivers/STM32F4xx_HAL_Driver/Src/stm32f4xx_hal_spi.c.o
 .debug_abbrev  0x0000000000001683      0x297 project/source/user_code/main.c.o
 .debug_abbrev  0x000000000000191a      0x222 project/source/user_code/stm32f4xx_hal_msp.c.o
 .debug_abbrev  0x0000000000001b3c       0xf2 project/source/user_code/stm32f4xx_it.c.o
 .debug_abbrev  0x0000000000001c2e      0x14b project/source/user_code/system_stm32f4xx.c.o
 .debug_abbrev  0x0000000000001d79       0x12 project/source/startup_stm32f407xx.s.o

.debug_loc      0x0000000000000000     0x9315
 .debug_loc     0x0000000000000000      0x141 project/source/Drivers/STM32F4xx_HAL_Driver/Src/stm32f4xx_hal.c.o
 .debug_loc     0x0000000000000141      0x744 project/source/Drivers/STM32F4xx_HAL_Driver/Src/stm32f4xx_hal_cortex.c.o
 .debug_loc     0x0000000000000885      0x513 project/source/Drivers/STM32F4xx_HAL_Driver/Src/stm32f4xx_hal_gpio.c.o
 .debug_loc     0x0000000000000d98     0x4108 project/source/Drivers/STM32F4xx_HAL_Driver/Src/stm32f4xx_hal_i2c.c.o
 .debug_loc     0x0000000000004ea0      0xf94 project/source/Drivers/STM32F4xx_HAL_Driver/Src/stm32f4xx_hal_i2s.c.o
 .debug_loc     0x0000000000005e34      0xaeb project/source/Drivers/STM32F4xx_HAL_Driver/Src/stm32f4xx_hal_i2s_ex.c.o
 .debug_loc     0x000000000000691f      0x56f project/source/Drivers/STM32F4xx_HAL_Driver/Src/stm32f4xx_hal_rcc.c.o
 .debug_loc     0x0000000000006e8e      0x3cf project/source/Drivers/STM32F4xx_HAL_Driver/Src/stm32f4xx_hal_rcc_ex.c.o
 .debug_loc     0x000000000000725d     0x1ddd project/source/Drivers/STM32F4xx_HAL_Driver/Src/stm32f4xx_hal_spi.c.o
 .debug_loc     0x000000000000903a      0x16f project/source/user_code/stm32f4xx_hal_msp.c.o
 .debug_loc     0x00000000000091a9      0x16c project/source/user_code/system_stm32f4xx.c.o

.debug_aranges  0x0000000000000000      0xa10
 .debug_aranges
                0x0000000000000000       0xf0 project/source/Drivers/STM32F4xx_HAL_Driver/Src/stm32f4xx_hal.c.o
 .debug_aranges
                0x00000000000000f0       0xa8 project/source/Drivers/STM32F4xx_HAL_Driver/Src/stm32f4xx_hal_cortex.c.o
 .debug_aranges
                0x0000000000000198       0x58 project/source/Drivers/STM32F4xx_HAL_Driver/Src/stm32f4xx_hal_gpio.c.o
 .debug_aranges
                0x00000000000001f0      0x2a0 project/source/Drivers/STM32F4xx_HAL_Driver/Src/stm32f4xx_hal_i2c.c.o
 .debug_aranges
                0x0000000000000490      0x108 project/source/Drivers/STM32F4xx_HAL_Driver/Src/stm32f4xx_hal_i2s.c.o
 .debug_aranges
                0x0000000000000598       0x88 project/source/Drivers/STM32F4xx_HAL_Driver/Src/stm32f4xx_hal_i2s_ex.c.o
 .debug_aranges
                0x0000000000000620       0x88 project/source/Drivers/STM32F4xx_HAL_Driver/Src/stm32f4xx_hal_rcc.c.o
 .debug_aranges
                0x00000000000006a8       0x48 project/source/Drivers/STM32F4xx_HAL_Driver/Src/stm32f4xx_hal_rcc_ex.c.o
 .debug_aranges
                0x00000000000006f0      0x1d0 project/source/Drivers/STM32F4xx_HAL_Driver/Src/stm32f4xx_hal_spi.c.o
 .debug_aranges
                0x00000000000008c0       0x50 project/source/user_code/main.c.o
 .debug_aranges
                0x0000000000000910       0x50 project/source/user_code/stm32f4xx_hal_msp.c.o
 .debug_aranges
                0x0000000000000960       0x60 project/source/user_code/stm32f4xx_it.c.o
 .debug_aranges
                0x00000000000009c0       0x28 project/source/user_code/system_stm32f4xx.c.o
 .debug_aranges
                0x00000000000009e8       0x28 project/source/startup_stm32f407xx.s.o

.debug_ranges   0x0000000000000000      0xa10
 .debug_ranges  0x0000000000000000       0xe0 project/source/Drivers/STM32F4xx_HAL_Driver/Src/stm32f4xx_hal.c.o
 .debug_ranges  0x00000000000000e0       0xf8 project/source/Drivers/STM32F4xx_HAL_Driver/Src/stm32f4xx_hal_cortex.c.o
 .debug_ranges  0x00000000000001d8       0x48 project/source/Drivers/STM32F4xx_HAL_Driver/Src/stm32f4xx_hal_gpio.c.o
 .debug_ranges  0x0000000000000220      0x2a8 project/source/Drivers/STM32F4xx_HAL_Driver/Src/stm32f4xx_hal_i2c.c.o
 .debug_ranges  0x00000000000004c8      0x128 project/source/Drivers/STM32F4xx_HAL_Driver/Src/stm32f4xx_hal_i2s.c.o
 .debug_ranges  0x00000000000005f0       0x90 project/source/Drivers/STM32F4xx_HAL_Driver/Src/stm32f4xx_hal_i2s_ex.c.o
 .debug_ranges  0x0000000000000680       0x90 project/source/Drivers/STM32F4xx_HAL_Driver/Src/stm32f4xx_hal_rcc.c.o
 .debug_ranges  0x0000000000000710       0x38 project/source/Drivers/STM32F4xx_HAL_Driver/Src/stm32f4xx_hal_rcc_ex.c.o
 .debug_ranges  0x0000000000000748      0x1c0 project/source/Drivers/STM32F4xx_HAL_Driver/Src/stm32f4xx_hal_spi.c.o
 .debug_ranges  0x0000000000000908       0x40 project/source/user_code/main.c.o
 .debug_ranges  0x0000000000000948       0x40 project/source/user_code/stm32f4xx_hal_msp.c.o
 .debug_ranges  0x0000000000000988       0x50 project/source/user_code/stm32f4xx_it.c.o
 .debug_ranges  0x00000000000009d8       0x18 project/source/user_code/system_stm32f4xx.c.o
 .debug_ranges  0x00000000000009f0       0x20 project/source/startup_stm32f407xx.s.o

.debug_macro    0x0000000000000000    0x201ae
 .debug_macro   0x0000000000000000      0x24d project/source/Drivers/STM32F4xx_HAL_Driver/Src/stm32f4xx_hal.c.o
 .debug_macro   0x000000000000024d      0xab4 project/source/Drivers/STM32F4xx_HAL_Driver/Src/stm32f4xx_hal.c.o
 .debug_macro   0x0000000000000d01      0x2a1 project/source/Drivers/STM32F4xx_HAL_Driver/Src/stm32f4xx_hal.c.o
 .debug_macro   0x0000000000000fa2       0x2e project/source/Drivers/STM32F4xx_HAL_Driver/Src/stm32f4xx_hal.c.o
 .debug_macro   0x0000000000000fd0       0x2f project/source/Drivers/STM32F4xx_HAL_Driver/Src/stm32f4xx_hal.c.o
 .debug_macro   0x0000000000000fff       0x22 project/source/Drivers/STM32F4xx_HAL_Driver/Src/stm32f4xx_hal.c.o
 .debug_macro   0x0000000000001021       0x8e project/source/Drivers/STM32F4xx_HAL_Driver/Src/stm32f4xx_hal.c.o
 .debug_macro   0x00000000000010af       0x51 project/source/Drivers/STM32F4xx_HAL_Driver/Src/stm32f4xx_hal.c.o
 .debug_macro   0x0000000000001100      0x103 project/source/Drivers/STM32F4xx_HAL_Driver/Src/stm32f4xx_hal.c.o
 .debug_macro   0x0000000000001203       0x6a project/source/Drivers/STM32F4xx_HAL_Driver/Src/stm32f4xx_hal.c.o
 .debug_macro   0x000000000000126d      0x1df project/source/Drivers/STM32F4xx_HAL_Driver/Src/stm32f4xx_hal.c.o
 .debug_macro   0x000000000000144c       0x1c project/source/Drivers/STM32F4xx_HAL_Driver/Src/stm32f4xx_hal.c.o
 .debug_macro   0x0000000000001468       0x22 project/source/Drivers/STM32F4xx_HAL_Driver/Src/stm32f4xx_hal.c.o
 .debug_macro   0x000000000000148a       0xdf project/source/Drivers/STM32F4xx_HAL_Driver/Src/stm32f4xx_hal.c.o
 .debug_macro   0x0000000000001569     0x102d project/source/Drivers/STM32F4xx_HAL_Driver/Src/stm32f4xx_hal.c.o
 .debug_macro   0x0000000000002596      0x11f project/source/Drivers/STM32F4xx_HAL_Driver/Src/stm32f4xx_hal.c.o
 .debug_macro   0x00000000000026b5    0x15e58 project/source/Drivers/STM32F4xx_HAL_Driver/Src/stm32f4xx_hal.c.o
 .debug_macro   0x000000000001850d       0x6d project/source/Drivers/STM32F4xx_HAL_Driver/Src/stm32f4xx_hal.c.o
 .debug_macro   0x000000000001857a     0x3666 project/source/Drivers/STM32F4xx_HAL_Driver/Src/stm32f4xx_hal.c.o
 .debug_macro   0x000000000001bbe0      0x174 project/source/Drivers/STM32F4xx_HAL_Driver/Src/stm32f4xx_hal.c.o
 .debug_macro   0x000000000001bd54       0x50 project/source/Drivers/STM32F4xx_HAL_Driver/Src/stm32f4xx_hal.c.o
 .debug_macro   0x000000000001bda4      0x96b project/source/Drivers/STM32F4xx_HAL_Driver/Src/stm32f4xx_hal.c.o
 .debug_macro   0x000000000001c70f      0x9fe project/source/Drivers/STM32F4xx_HAL_Driver/Src/stm32f4xx_hal.c.o
 .debug_macro   0x000000000001d10d      0x116 project/source/Drivers/STM32F4xx_HAL_Driver/Src/stm32f4xx_hal.c.o
 .debug_macro   0x000000000001d223      0x13e project/source/Drivers/STM32F4xx_HAL_Driver/Src/stm32f4xx_hal.c.o
 .debug_macro   0x000000000001d361       0xa5 project/source/Drivers/STM32F4xx_HAL_Driver/Src/stm32f4xx_hal.c.o
 .debug_macro   0x000000000001d406      0x174 project/source/Drivers/STM32F4xx_HAL_Driver/Src/stm32f4xx_hal.c.o
 .debug_macro   0x000000000001d57a      0x287 project/source/Drivers/STM32F4xx_HAL_Driver/Src/stm32f4xx_hal.c.o
 .debug_macro   0x000000000001d801       0x5f project/source/Drivers/STM32F4xx_HAL_Driver/Src/stm32f4xx_hal.c.o
 .debug_macro   0x000000000001d860      0x236 project/source/Drivers/STM32F4xx_HAL_Driver/Src/stm32f4xx_hal.c.o
 .debug_macro   0x000000000001da96      0x12c project/source/Drivers/STM32F4xx_HAL_Driver/Src/stm32f4xx_hal.c.o
 .debug_macro   0x000000000001dbc2      0x21e project/source/Drivers/STM32F4xx_HAL_Driver/Src/stm32f4xx_hal.c.o
 .debug_macro   0x000000000001dde0       0x2e project/source/Drivers/STM32F4xx_HAL_Driver/Src/stm32f4xx_hal.c.o
 .debug_macro   0x000000000001de0e      0x1b5 project/source/Drivers/STM32F4xx_HAL_Driver/Src/stm32f4xx_hal.c.o
 .debug_macro   0x000000000001dfc3       0xd6 project/source/Drivers/STM32F4xx_HAL_Driver/Src/stm32f4xx_hal.c.o
 .debug_macro   0x000000000001e099      0x1a7 project/source/Drivers/STM32F4xx_HAL_Driver/Src/stm32f4xx_hal.c.o
 .debug_macro   0x000000000001e240       0x46 project/source/Drivers/STM32F4xx_HAL_Driver/Src/stm32f4xx_hal.c.o
 .debug_macro   0x000000000001e286       0x4a project/source/Drivers/STM32F4xx_HAL_Driver/Src/stm32f4xx_hal.c.o
 .debug_macro   0x000000000001e2d0      0x11a project/source/Drivers/STM32F4xx_HAL_Driver/Src/stm32f4xx_hal.c.o
 .debug_macro   0x000000000001e3ea       0x7e project/source/Drivers/STM32F4xx_HAL_Driver/Src/stm32f4xx_hal.c.o
 .debug_macro   0x000000000001e468       0x89 project/source/Drivers/STM32F4xx_HAL_Driver/Src/stm32f4xx_hal.c.o
 .debug_macro   0x000000000001e4f1      0x225 project/source/Drivers/STM32F4xx_HAL_Driver/Src/stm32f4xx_hal.c.o
 .debug_macro   0x000000000001e716      0x12d project/source/Drivers/STM32F4xx_HAL_Driver/Src/stm32f4xx_hal.c.o
 .debug_macro   0x000000000001e843      0x1ed project/source/Drivers/STM32F4xx_HAL_Driver/Src/stm32f4xx_hal_cortex.c.o
 .debug_macro   0x000000000001ea30      0x1f3 project/source/Drivers/STM32F4xx_HAL_Driver/Src/stm32f4xx_hal_gpio.c.o
 .debug_macro   0x000000000001ec23      0x234 project/source/Drivers/STM32F4xx_HAL_Driver/Src/stm32f4xx_hal_i2c.c.o
 .debug_macro   0x000000000001ee57      0x1f5 project/source/Drivers/STM32F4xx_HAL_Driver/Src/stm32f4xx_hal_i2s.c.o
 .debug_macro   0x000000000001f04c      0x1ed project/source/Drivers/STM32F4xx_HAL_Driver/Src/stm32f4xx_hal_i2s_ex.c.o
 .debug_macro   0x000000000001f239      0x211 project/source/Drivers/STM32F4xx_HAL_Driver/Src/stm32f4xx_hal_rcc.c.o
 .debug_macro   0x000000000001f44a      0x1ed project/source/Drivers/STM32F4xx_HAL_Driver/Src/stm32f4xx_hal_rcc_ex.c.o
 .debug_macro   0x000000000001f637      0x1fc project/source/Drivers/STM32F4xx_HAL_Driver/Src/stm32f4xx_hal_spi.c.o
 .debug_macro   0x000000000001f833      0x1fc project/source/user_code/main.c.o
 .debug_macro   0x000000000001fa2f      0x190 project/source/user_code/main.c.o
 .debug_macro   0x000000000001fbbf      0x1fc project/source/user_code/stm32f4xx_hal_msp.c.o
 .debug_macro   0x000000000001fdbb      0x206 project/source/user_code/stm32f4xx_it.c.o
 .debug_macro   0x000000000001ffc1      0x1ed project/source/user_code/system_stm32f4xx.c.o

.debug_line     0x0000000000000000    0x10a7c
 .debug_line    0x0000000000000000      0x9a2 project/source/Drivers/STM32F4xx_HAL_Driver/Src/stm32f4xx_hal.c.o
 .debug_line    0x00000000000009a2      0xbe7 project/source/Drivers/STM32F4xx_HAL_Driver/Src/stm32f4xx_hal_cortex.c.o
 .debug_line    0x0000000000001589      0xb6e project/source/Drivers/STM32F4xx_HAL_Driver/Src/stm32f4xx_hal_gpio.c.o
 .debug_line    0x00000000000020f7     0x5791 project/source/Drivers/STM32F4xx_HAL_Driver/Src/stm32f4xx_hal_i2c.c.o
 .debug_line    0x0000000000007888     0x17f9 project/source/Drivers/STM32F4xx_HAL_Driver/Src/stm32f4xx_hal_i2s.c.o
 .debug_line    0x0000000000009081     0x1576 project/source/Drivers/STM32F4xx_HAL_Driver/Src/stm32f4xx_hal_i2s_ex.c.o
 .debug_line    0x000000000000a5f7      0xf44 project/source/Drivers/STM32F4xx_HAL_Driver/Src/stm32f4xx_hal_rcc.c.o
 .debug_line    0x000000000000b53b      0xa47 project/source/Drivers/STM32F4xx_HAL_Driver/Src/stm32f4xx_hal_rcc_ex.c.o
 .debug_line    0x000000000000bf82     0x2924 project/source/Drivers/STM32F4xx_HAL_Driver/Src/stm32f4xx_hal_spi.c.o
 .debug_line    0x000000000000e8a6      0xa89 project/source/user_code/main.c.o
 .debug_line    0x000000000000f32f      0x884 project/source/user_code/stm32f4xx_hal_msp.c.o
 .debug_line    0x000000000000fbb3      0x745 project/source/user_code/stm32f4xx_it.c.o
 .debug_line    0x00000000000102f8      0x704 project/source/user_code/system_stm32f4xx.c.o
 .debug_line    0x00000000000109fc       0x80 project/source/startup_stm32f407xx.s.o

.debug_str      0x0000000000000000    0xc26d3
 .debug_str     0x0000000000000000    0xbf701 project/source/Drivers/STM32F4xx_HAL_Driver/Src/stm32f4xx_hal.c.o
                                      0xbfa81 (size before relaxing)
 .debug_str     0x00000000000bf701      0x3af project/source/Drivers/STM32F4xx_HAL_Driver/Src/stm32f4xx_hal_cortex.c.o
                                      0xbf82b (size before relaxing)
 .debug_str     0x00000000000bfab0      0x1e6 project/source/Drivers/STM32F4xx_HAL_Driver/Src/stm32f4xx_hal_gpio.c.o
                                      0xbf101 (size before relaxing)
 .debug_str     0x00000000000bfc96      0xfbc project/source/Drivers/STM32F4xx_HAL_Driver/Src/stm32f4xx_hal_i2c.c.o
                                      0xbff41 (size before relaxing)
 .debug_str     0x00000000000c0c52      0x466 project/source/Drivers/STM32F4xx_HAL_Driver/Src/stm32f4xx_hal_i2s.c.o
                                      0xbf569 (size before relaxing)
 .debug_str     0x00000000000c10b8      0x1f8 project/source/Drivers/STM32F4xx_HAL_Driver/Src/stm32f4xx_hal_i2s_ex.c.o
                                      0xbf494 (size before relaxing)
 .debug_str     0x00000000000c12b0      0x376 project/source/Drivers/STM32F4xx_HAL_Driver/Src/stm32f4xx_hal_rcc.c.o
                                      0xbf383 (size before relaxing)
 .debug_str     0x00000000000c1626      0x165 project/source/Drivers/STM32F4xx_HAL_Driver/Src/stm32f4xx_hal_rcc_ex.c.o
                                      0xbf0bd (size before relaxing)
 .debug_str     0x00000000000c178b      0x6b2 project/source/Drivers/STM32F4xx_HAL_Driver/Src/stm32f4xx_hal_spi.c.o
                                      0xbf83a (size before relaxing)
 .debug_str     0x00000000000c1e3d      0x715 project/source/user_code/main.c.o
                                      0xc0004 (size before relaxing)
 .debug_str     0x00000000000c2552       0x3c project/source/user_code/stm32f4xx_hal_msp.c.o
                                      0xbff2e (size before relaxing)
 .debug_str     0x00000000000c258e       0xc5 project/source/user_code/stm32f4xx_it.c.o
                                      0xbf4e8 (size before relaxing)
 .debug_str     0x00000000000c2653       0x52 project/source/user_code/system_stm32f4xx.c.o
                                      0xbef5b (size before relaxing)
 .debug_str     0x00000000000c26a5       0x2e project/source/startup_stm32f407xx.s.o
                                         0x51 (size before relaxing)

.comment        0x0000000000000000       0x4c
 .comment       0x0000000000000000       0x4c project/source/Drivers/STM32F4xx_HAL_Driver/Src/stm32f4xx_hal.c.o
                                         0x4d (size before relaxing)
 .comment       0x000000000000004c       0x4d project/source/Drivers/STM32F4xx_HAL_Driver/Src/stm32f4xx_hal_cortex.c.o
 .comment       0x000000000000004c       0x4d project/source/Drivers/STM32F4xx_HAL_Driver/Src/stm32f4xx_hal_gpio.c.o
 .comment       0x000000000000004c       0x4d project/source/Drivers/STM32F4xx_HAL_Driver/Src/stm32f4xx_hal_i2c.c.o
 .comment       0x000000000000004c       0x4d project/source/Drivers/STM32F4xx_HAL_Driver/Src/stm32f4xx_hal_i2s.c.o
 .comment       0x000000000000004c       0x4d project/source/Drivers/STM32F4xx_HAL_Driver/Src/stm32f4xx_hal_i2s_ex.c.o
 .comment       0x000000000000004c       0x4d project/source/Drivers/STM32F4xx_HAL_Driver/Src/stm32f4xx_hal_rcc.c.o
 .comment       0x000000000000004c       0x4d project/source/Drivers/STM32F4xx_HAL_Driver/Src/stm32f4xx_hal_rcc_ex.c.o
 .comment       0x000000000000004c       0x4d project/source/Drivers/STM32F4xx_HAL_Driver/Src/stm32f4xx_hal_spi.c.o
 .comment       0x000000000000004c       0x4d project/source/user_code/main.c.o
 .comment       0x000000000000004c       0x4d project/source/user_code/stm32f4xx_hal_msp.c.o
 .comment       0x000000000000004c       0x4d project/source/user_code/stm32f4xx_it.c.o
 .comment       0x000000000000004c       0x4d project/source/user_code/system_stm32f4xx.c.o

.debug_frame    0x0000000000000000     0x1d2c
 .debug_frame   0x0000000000000000      0x1ec project/source/Drivers/STM32F4xx_HAL_Driver/Src/stm32f4xx_hal.c.o
 .debug_frame   0x00000000000001ec      0x15c project/source/Drivers/STM32F4xx_HAL_Driver/Src/stm32f4xx_hal_cortex.c.o
 .debug_frame   0x0000000000000348       0xd8 project/source/Drivers/STM32F4xx_HAL_Driver/Src/stm32f4xx_hal_gpio.c.o
 .debug_frame   0x0000000000000420      0x970 project/source/Drivers/STM32F4xx_HAL_Driver/Src/stm32f4xx_hal_i2c.c.o
 .debug_frame   0x0000000000000d90      0x324 project/source/Drivers/STM32F4xx_HAL_Driver/Src/stm32f4xx_hal_i2s.c.o
 .debug_frame   0x00000000000010b4      0x194 project/source/Drivers/STM32F4xx_HAL_Driver/Src/stm32f4xx_hal_i2s_ex.c.o
 .debug_frame   0x0000000000001248      0x174 project/source/Drivers/STM32F4xx_HAL_Driver/Src/stm32f4xx_hal_rcc.c.o
 .debug_frame   0x00000000000013bc       0xa4 project/source/Drivers/STM32F4xx_HAL_Driver/Src/stm32f4xx_hal_rcc_ex.c.o
 .debug_frame   0x0000000000001460      0x5a0 project/source/Drivers/STM32F4xx_HAL_Driver/Src/stm32f4xx_hal_spi.c.o
 .debug_frame   0x0000000000001a00       0xcc project/source/user_code/main.c.o
 .debug_frame   0x0000000000001acc       0xdc project/source/user_code/stm32f4xx_hal_msp.c.o
 .debug_frame   0x0000000000001ba8       0xa8 project/source/user_code/stm32f4xx_it.c.o
 .debug_frame   0x0000000000001c50       0x30 project/source/user_code/system_stm32f4xx.c.o
 .debug_frame   0x0000000000001c80       0x2c /home/dungnt98/Downloads/embeetle/beetle_tools/linux/gnu_arm_toolchain_9.3.1_9-2020-q2-update_64b/bin/../lib/gcc/arm-none-eabi/9.3.1/thumb/v7e-m+fp/hard/libgcc.a(_aeabi_uldivmod.o)
 .debug_frame   0x0000000000001cac       0x34 /home/dungnt98/Downloads/embeetle/beetle_tools/linux/gnu_arm_toolchain_9.3.1_9-2020-q2-update_64b/bin/../lib/gcc/arm-none-eabi/9.3.1/thumb/v7e-m+fp/hard/libgcc.a(_udivmoddi4.o)
 .debug_frame   0x0000000000001ce0       0x2c /home/dungnt98/Downloads/embeetle/beetle_tools/linux/gnu_arm_toolchain_9.3.1_9-2020-q2-update_64b/bin/../lib/gcc/arm-none-eabi/9.3.1/../../../../arm-none-eabi/lib/thumb/v7e-m+fp/hard/libg_nano.a(lib_a-init.o)
 .debug_frame   0x0000000000001d0c       0x20 /home/dungnt98/Downloads/embeetle/beetle_tools/linux/gnu_arm_toolchain_9.3.1_9-2020-q2-update_64b/bin/../lib/gcc/arm-none-eabi/9.3.1/../../../../arm-none-eabi/lib/thumb/v7e-m+fp/hard/libg_nano.a(lib_a-memset.o)
